[manta.network/index1a6f.html]
[manta.network/favicon.ico]
[cdn.jsdelivr.net/npm/bootstrap@5.1.0/dist/css/bootstrap.min.css]
[unpkg.com/swiper/swiper-bundle.min.2.delayed]
[unpkg.com/swiper@11.0.6/swiper-bundle.min.css]
[backblue.gif]
[fade.gif]
[index.html]
[manta.network/assets/css/styles7ec3.css]
[cdn.usefathom.com/script.js]
[manta.network/assets/img/logo.svg]
[manta.network/index.html]
[manta.network/ecosystem.html]
[manta.network/networks.html]
[manta.network/about.html]
[manta.network/assets/img/socials/telegram-icon.svg]
[manta.network/assets/img/socials/discord-icon.svg]
[manta.network/assets/img/socials/twitter-icon.svg]
[manta.network/assets/img/right-arrow.svg]
[manta.network/assets/img/manta-fest-pic.png]
[manta.network/assets/img/modal-close.svg]
[manta.network/assets/img/btn-white-arrow-icon.svg]
[manta.network/assets/img/celestia.png]
[manta.network/assets/img/polygon.png]
[manta.network/assets/img/op-stack.png]
[manta.network/assets/img/polkadot.png]
[manta.network/assets/img/hero-image.png]
[manta.network/assets/img/ecosystem-upd.png]
[manta.network/assets/img/btn-arrow-icon.svg]
[manta.network/assets/img/link-card-1-image.png]
[manta.network/assets/img/link-card-2-image.png]
[manta.network/assets/img/warning.svg]
[manta.network/assets/img/articles-slider-next-arrow-icon.svg]
[manta.network/assets/img/articles-slider-prev-arrow-icon.svg]
[manta.network/assets/img/logos/coindesk-logo.png]
[manta.network/assets/img/logos/cointelegraph-logo.png]
[manta.network/assets/img/logos/theblock-logo.png]
[manta.network/assets/img/logos/decrypt-logo.png]
[manta.network/assets/img/logos/forbes-logo.png]
[manta.network/assets/img/logos/newsbtc-logo.png]
[manta.network/assets/img/logos/hackernoon-logo.png]
[manta.network/assets/img/native-next-arrow-icon.svg]
[manta.network/assets/img/native-prev-arrow-icon.svg]
[manta.network/assets/img/ecosystem-card-image.png]
[manta.network/assets/img/where-we-are-image.png]
[manta.network/assets/img/achievements-card-1-image.png]
[manta.network/assets/img/achievements-card-2-image.png]
[manta.network/assets/img/achievements-card-3-image.png]
[manta.network/assets/img/events/event-1-image.png]
[manta.network/assets/img/events/event-2-image.png]
[manta.network/assets/img/events/event-3-image.png]
[manta.network/assets/img/events/event-4-image.png]
[manta.network/assets/img/events/event-5-image.png]
[manta.network/assets/img/events/event-6-image.png]
[manta.network/assets/img/newsletter-image.png]
[cdn-images.mailchimp.com/embedcode/classic-071822.css]
[s3.amazonaws.com/downloads.mailchimp.com/js/mc-validate.js]
[manta.network/assets/img/socials/discord-color-icon.svg]
[manta.network/assets/img/socials/telegram-color-icon.svg]
[manta.network/assets/img/socials/twitter-color-icon.svg]
[manta.network/assets/img/socials/github-color-icon.svg]
[manta.network/assets/img/socials/youtube-color-icon.svg]
[manta.network/assets/img/socials/medium-color-icon.svg]
[manta.network/assets/img/socials-element-1.png]
[manta.network/assets/img/socials-element-2.png]
[manta.network/assets/img/socials-image.png]
[manta.network/assets/img/logo-white.svg]
[manta.network/assets/img/socials/discord-white-icon.svg]
[manta.network/assets/img/socials/telegram-white-icon.svg]
[manta.network/assets/img/socials/twitter-white-icon.svg]
[manta.network/assets/img/socials/github-white-icon.svg]
[manta.network/assets/img/socials/youtube-white-icon.svg]
[manta.network/assets/img/socials/medium-white-icon.svg]
[manta.network/assets/img/manta.svg]
[manta.network/assets/img/beat.png]
[manta.network/assets/img/dune.png]
[manta.network/assets/img/web3-go.png]
[manta.network/assets/img/defil-llama.png]
[manta.network/assets/img/DEXScreener.png]
[manta.network/assets/img/tokenterminal.png]
[cdn.jsdelivr.net/npm/bootstrap@5.1.0/dist/js/bootstrap.bundle.min.js]
[unpkg.com/axios/dist/axios.min.4c.delayed]
[unpkg.com/axios@1.6.7/dist/axios.min.js]
[cdn.jsdelivr.net/npm/bignumber.js@9.1.2/bignumber.min.js]
[cdn.jsdelivr.net/npm/numbro@2.3.6/dist/numbro.min.js]
[unpkg.com/swiper/swiper-bundle.min.js]
[unpkg.com/swiper@11.0.6/swiper-bundle.min.js]
[manta.network/assets/js/main7ec3.js]
[manta.network/assets/js/swipers7ec3.js]
[manta.network/assets/js/medium7ec3.js]
[manta.network/assets/js/wallet7ec3.js]
[manta.network/assets/js/home7ec3.js]
[manta.network/index1a6f.html]
[cdn.jsdelivr.net/npm/bootstrap@5.1.0/dist/css/bootstrap.min.css]
[unpkg.com/swiper@11.0.6/swiper-bundle.min.css]
[manta.network/assets/js/ecosystem.json5cce.js]
[manta.network/assets/img/header-button-bg.png]
[manta.network/assets/img/bridge-to-altantic.png]
[manta.network/assets/img/banner.png]
[manta.network/assets/img/airdrop.png]
[manta.network/assets/img/airdrop-banner.png]
[manta.network/assets/img/hero-bridge-bg.png]
[manta.network/assets/img/nft-np.png]
[manta.network/assets/img/nft-airdrop.png]
[manta.network/assets/img/ecosystem/ecosystem-hero-bg.png]
[manta.network/assets/img/ecosystem/ecosystem-hero-mobile-bg.png]
[manta.network/assets/img/build/build-cards-bg.png]
[manta.network/assets/css/styles7ec3.css]
[manta.network/index.html]
[manta.network/assets/img/logo.svg]
[manta.network/assets/css/stylesd38a.css]
[manta.network/assets/img/ecosystem-grants.png]
[manta.network/assets/img/ecosystem/logos/acala-logo.png]
[manta.network/assets/img/ecosystem/logos/aceleap-logo.png]
[manta.network/assets/img/ecosystem/logos/alchemypay-logo.jpg]
[manta.network/assets/img/ecosystem/logos/alliance-dao-logo.png]
[manta.network/assets/img/ecosystem/logos/aperture-logo.jpg]
[manta.network/assets/img/ecosystem/logos/arbitrum-logo.png]
[manta.network/assets/img/ecosystem/logos/asmatch-logo.png]
[manta.network/assets/img/ecosystem/logos/aspecta-logo.jpg]
[manta.network/assets/img/ecosystem/logos/beacon-logo.png]
[manta.network/assets/img/ecosystem/logos/berkeley-x-logo.png]
[manta.network/assets/img/ecosystem/logos/bifrost-logo.png]
[manta.network/assets/img/ecosystem/logos/binance-academy-logo.png]
[manta.network/assets/img/ecosystem/logos/binance-labs-logo.png]
[manta.network/assets/img/ecosystem/logos/bingo0x-logo.jpg]
[manta.network/assets/img/ecosystem/logos/carv-logo.png]
[manta.network/assets/img/ecosystem/logos/caldera-logo.png]
[manta.network/assets/img/ecosystem/logos/celer-logo.jpg]
[manta.network/assets/img/ecosystem/logos/celestia-logo.png]
[manta.network/assets/img/ecosystem/logos/clover-logo.png]
[manta.network/assets/img/ecosystem/logos/cms-logo.png]
[manta.network/assets/img/ecosystem/logos/coinfund-logo.png]
[manta.network/assets/img/ecosystem/logos/cointelegraph-logo.png]
[manta.network/assets/img/ecosystem/logos/continuecapital-logo.png]
[manta.network/assets/img/ecosystem/logos/cradles-logo.jpg]
[manta.network/assets/img/ecosystem/logos/cred-logo.jpg]
[manta.network/assets/img/ecosystem/logos/cyberconnect-logo.jpg]
[manta.network/assets/img/ecosystem/logos/cysic-logo.png]
[manta.network/assets/img/ecosystem/logos/dappback-logo.jpg]
[manta.network/assets/img/ecosystem/logos/dapps-logo.png]
[manta.network/assets/img/ecosystem/logos/divergence-logo.png]
[manta.network/assets/img/ecosystem/logos/dmail-logo.png]
[manta.network/assets/img/ecosystem/logos/equilibrium-logo.png]
[manta.network/assets/img/ecosystem/logos/firstbatch-logo.jpg]
[manta.network/assets/img/ecosystem/logos/freecompany-logo.png]
[manta.network/assets/img/ecosystem/logos/gafin-logo.jpg]
[manta.network/assets/img/ecosystem/logos/galxe-logo.png]
[manta.network/assets/img/ecosystem/logos/getaverse-logo.jpg]
[manta.network/assets/img/ecosystem/logos/gcr-logo.png]
[manta.network/assets/img/ecosystem/logos/gosleep-logo.jpg]
[manta.network/assets/img/ecosystem/logos/halborn-logo.png]
[manta.network/assets/img/ecosystem/logos/hypersphere-logo.png]
[manta.network/assets/img/ecosystem/logos/instap-logo.png]
[manta.network/assets/img/ecosystem/logos/jump-crypto-logo.png]
[manta.network/assets/img/ecosystem/logos/karatdao-logo.png]
[manta.network/assets/img/ecosystem/logos/kevinhu-logo.png]
[manta.network/assets/img/ecosystem/logos/letsmeme-logo.png]
[manta.network/assets/img/ecosystem/logos/linea-logo.jpg]
[manta.network/assets/img/ecosystem/logos/long-hash-logo.png]
[manta.network/assets/img/ecosystem/logos/longhash-logo.png]
[manta.network/assets/img/ecosystem/logos/manta-logo.png]
[manta.network/assets/img/ecosystem/logos/mapleleaf-logo.png]
[manta.network/assets/img/ecosystem/logos/metamerge-logo.jpg]
[manta.network/assets/img/ecosystem/logos/moonbeam-logo.png]
[manta.network/assets/img/ecosystem/logos/moonrock-logo.png]
[manta.network/assets/img/ecosystem/logos/moonshot-logo.png]
[manta.network/assets/img/ecosystem/logos/ontropy-logo.jpg]
[manta.network/assets/img/ecosystem/logos/openzl-logo.png]
[manta.network/assets/img/ecosystem/logos/optimism-logo.jpg]
[manta.network/assets/img/ecosystem/logos/0xmaki-logo.png]
[manta.network/assets/img/ecosystem/logos/parafi-capital-logo.png]
[manta.network/assets/img/ecosystem/logos/peter-logo.png]
[manta.network/assets/img/ecosystem/logos/phala-logo.png]
[manta.network/assets/img/ecosystem/logos/polkadex-logo.png]
[manta.network/assets/img/ecosystem/logos/polkadot-logo.png]
[manta.network/assets/img/ecosystem/logos/polychain-capital-logo.png]
[manta.network/assets/img/ecosystem/logos/pomp-logo.jpg]
[manta.network/assets/img/ecosystem/logos/protocol-labs-logo.png]
[manta.network/assets/img/ecosystem/logos/questn-logo.jpg]
[manta.network/assets/img/ecosystem/logos/readon-logo.png]
[manta.network/assets/img/ecosystem/logos/risc-zero-logo.png]
[manta.network/assets/img/ecosystem/logos/sandeepnailwal-logo.png]
[manta.network/assets/img/ecosystem/logos/santiagoroel-logo.png]
[manta.network/assets/img/ecosystem/logos/secure3-logo.png]
[manta.network/assets/img/ecosystem/logos/sending-network-logo.jpg]
[manta.network/assets/img/ecosystem/logos/sbp-logo.png]
[manta.network/assets/img/ecosystem/logos/subwallet-logo.png]
[manta.network/assets/img/ecosystem/logos/talentale-logo.png]
[manta.network/assets/img/ecosystem/logos/talisman-logo.png]
[manta.network/assets/img/ecosystem/logos/taskon-logo.png]
[manta.network/assets/img/ecosystem/logos/tekinsalimi-logo.png]
[manta.network/assets/img/ecosystem/logos/typeit-logo.jpg]
[manta.network/assets/img/ecosystem/logos/upa-logo.png]
[manta.network/assets/img/ecosystem/logos/ultiverse.png]
[manta.network/assets/img/ecosystem/logos/veridise-logo.png]
[manta.network/assets/img/ecosystem/logos/web3-grants-program-logo.png]
[manta.network/assets/img/ecosystem/logos/web3go-logo.jpg]
[manta.network/assets/img/ecosystem/logos/yuliverse-logo.png]
[manta.network/assets/img/ecosystem/logos/zeeprime-logo.png]
[manta.network/assets/img/ecosystem/logos/zkex-logo.jpg]
[manta.network/assets/img/ecosystem/logos/zkme-logo.jpg]
[manta.network/assets/img/ecosystem/logos/zkholdem-logo.jpg]
[manta.network/assets/img/ecosystem/logos/zprize-logo.png]
[unpkg.com/masonry-layout@4/dist/masonry.pkgd.min.c1.delayed]
[unpkg.com/masonry-layout@4.2.2/dist/masonry.pkgd.min.js]
[manta.network/assets/js/ecosystem7ec3.js]
[manta.network/ecosystem.html]
[manta.network/assets/img/networks/networks-rollup-image.png]
[cdn.jsdelivr.net/npm/swiper@9/swiper-bundle.min.css]
[manta.network/assets/img/networks/networks-hero-image.png]
[manta.network/assets/img/networks/networks-hero-mobile-image.png]
[manta.network/assets/img/networks/networks-testnet-card-image.png]
[manta.network/networks.html]
[cdn.jsdelivr.net/npm/swiper@9/swiper-bundle.min.js]
[manta.network/assets/img/about-hero-image.png]
[manta.network/assets/img/pr/pr-coindesk-logo.png]
[manta.network/assets/img/pr/pr-cointelegraph-logo.png]
[manta.network/assets/img/pr/pr-theblock-logo.png]
[manta.network/assets/img/pr/pr-decrypt-logo.png]
[manta.network/assets/img/pr/pr-forbes-logo.png]
[manta.network/assets/img/pr/pr-newsbtc-logo.png]
[manta.network/assets/img/pr/pr-hackernoon-logo.png]
[manta.network/assets/img/community/community-slider-image-1.png]
[manta.network/assets/img/community/community-slider-image-2.png]
[manta.network/assets/img/community/community-slider-image-3.png]
[manta.network/assets/img/community/community-slider-image-4.png]
[manta.network/assets/img/community/community-slider-image-5.png]
[manta.network/assets/img/community/community-slider-image-6.png]
[manta.network/about.html]
[manta.network/assets/img/socials/telegram-icon.svg]
[manta.network/assets/img/socials/discord-icon.svg]
[manta.network/assets/img/socials/twitter-icon.svg]
[manta.network/assets/img/right-arrow.svg]
[manta.network/assets/img/modal-close.svg]
[manta.network/assets/img/btn-white-arrow-icon.svg]
[manta.network/assets/img/btn-arrow-icon.svg]
[manta.network/assets/img/warning.svg]
[manta.network/assets/img/articles-slider-next-arrow-icon.svg]
[manta.network/assets/img/articles-slider-prev-arrow-icon.svg]
[manta.network/assets/img/native-next-arrow-icon.svg]
[manta.network/assets/img/native-prev-arrow-icon.svg]
[cdn-images.mailchimp.com/embedcode/classic-071822.css]
[manta.network/assets/img/socials/discord-color-icon.svg]
[manta.network/assets/img/socials/telegram-color-icon.svg]
[manta.network/assets/img/socials/twitter-color-icon.svg]
[manta.network/assets/img/socials/github-color-icon.svg]
[manta.network/assets/img/socials/youtube-color-icon.svg]
[manta.network/assets/img/socials/medium-color-icon.svg]
[manta.network/assets/img/logo-white.svg]
[manta.network/assets/img/socials/discord-white-icon.svg]
[manta.network/assets/img/socials/telegram-white-icon.svg]
[manta.network/assets/img/socials/twitter-white-icon.svg]
[manta.network/assets/img/socials/github-white-icon.svg]
[manta.network/assets/img/socials/youtube-white-icon.svg]
[manta.network/assets/img/socials/medium-white-icon.svg]
[manta.network/assets/img/manta.svg]
[manta.network/assets/css/stylesd38a.css]
[manta.network/assets/img/ecosystem/logos/ontropy-logo.html]
[cdn.jsdelivr.net/npm/swiper@9/swiper-bundle.min.css]
